2026-06-16T09:55:25.137-04:00  INFO 2100 --- [backend] [restartedMain] com.example.backend.BackendApplication   : Starting BackendApplication using Java 17.0.11 with PID 2100 (C:\Users\usuario\Desktop\wrk\ICIFG003-SOL2-EQUIPO03\backend\target\classes started by usuario in C:\Users\usuario\Desktop\wrk\ICIFG003-SOL2-EQUIPO03\backend)
2026-06-16T09:55:25.143-04:00  INFO 2100 --- [backend] [restartedMain] com.example.backend.BackendApplication   : No active profile set, falling back to 1 default profile: "default"
2026-06-16T09:55:25.208-04:00  INFO 2100 --- [backend] [restartedMain] .e.DevToolsPropertyDefaultsPostProcessor : Devtools property defaults active! Set 'spring.devtools.add-properties' to 'false' to disable
2026-06-16T09:55:25.208-04:00  INFO 2100 --- [backend] [restartedMain] .e.DevToolsPropertyDefaultsPostProcessor : For additional web related logging consider setting the 'logging.level.web' property to 'DEBUG'
2026-06-16T09:55:25.689-04:00  INFO 2100 --- [backend] [restartedMain] .s.d.r.c.RepositoryConfigurationDelegate : Bootstrapping Spring Data JPA repositories in DEFAULT mode.
2026-06-16T09:55:25.755-04:00  INFO 2100 --- [backend] [restartedMain] .s.d.r.c.RepositoryConfigurationDelegate : Finished Spring Data repository scanning in 55 ms. Found 6 JPA repository interfaces.
2026-06-16T09:55:26.169-04:00  INFO 2100 --- [backend] [restartedMain] o.s.boot.tomcat.TomcatWebServer          : Tomcat initialized with port 8080 (http)
2026-06-16T09:55:26.178-04:00  INFO 2100 --- [backend] [restartedMain] o.apache.catalina.core.StandardService   : Starting service [Tomcat]
2026-06-16T09:55:26.183-04:00  INFO 2100 --- [backend] [restartedMain] o.apache.catalina.core.StandardEngine    : Starting Servlet engine: [Apache Tomcat/11.0.21]
2026-06-16T09:55:26.255-04:00  INFO 2100 --- [backend] [restartedMain] b.w.c.s.WebApplicationContextInitializer : Root WebApplicationContext: initialization completed in 1046 ms
2026-06-16T09:55:26.500-04:00  INFO 2100 --- [backend] [restartedMain] org.hibernate.orm.jpa                    : HHH008540: Processing PersistenceUnitInfo [name: default]
2026-06-16T09:55:26.585-04:00  INFO 2100 --- [backend] [restartedMain] org.hibernate.orm.core                   : HHH000001: Hibernate ORM core version 7.2.12.Final
2026-06-16T09:55:26.952-04:00  INFO 2100 --- [backend] [restartedMain] o.s.o.j.p.SpringPersistenceUnitInfo      : No LoadTimeWeaver setup: ignoring JPA class transformer
2026-06-16T09:55:26.973-04:00  INFO 2100 --- [backend] [restartedMain] com.zaxxer.hikari.HikariDataSource       : HikariPool-1 - Starting...
2026-06-16T09:55:27.128-04:00  INFO 2100 --- [backend] [restartedMain] com.zaxxer.hikari.pool.HikariPool        : HikariPool-1 - Added connection org.postgresql.jdbc.PgConnection@61026844
2026-06-16T09:55:27.128-04:00  INFO 2100 --- [backend] [restartedMain] com.zaxxer.hikari.HikariDataSource       : HikariPool-1 - Start completed.
2026-06-16T09:55:27.142-04:00  WARN 2100 --- [backend] [restartedMain] org.hibernate.orm.deprecation            : HHH90000025: PostgreSQLDialect does not need to be specified explicitly using 'hibernate.dialect' (remove the property setting and it will be selected by default)
2026-06-16T09:55:27.194-04:00  INFO 2100 --- [backend] [restartedMain] org.hibernate.orm.connections.pooling    : HHH10001005: Database info:
	Database JDBC URL [jdbc:postgresql://localhost:5432/petshop_db]
	Database driver: PostgreSQL JDBC Driver
	Database dialect: PostgreSQLDialect
	Database version: 13.23
	Default catalog/schema: petshop_db/public
	Autocommit mode: undefined/unknown
	Isolation level: READ_COMMITTED [default READ_COMMITTED]
	JDBC fetch size: none
	Pool: DataSourceConnectionProvider
	Minimum pool size: undefined/unknown
	Maximum pool size: undefined/unknown
2026-06-16T09:55:27.988-04:00  INFO 2100 --- [backend] [restartedMain] org.hibernate.orm.core                   : HHH000489: No JTA platform available (set 'hibernate.transaction.jta.platform' to enable JTA platform integration)
2026-06-16T09:55:28.044-04:00  INFO 2100 --- [backend] [restartedMain] j.LocalContainerEntityManagerFactoryBean : Initialized JPA EntityManagerFactory for persistence unit 'default'
2026-06-16T09:55:28.119-04:00  INFO 2100 --- [backend] [restartedMain] o.s.d.j.r.query.QueryEnhancerFactories   : Hibernate is in classpath; If applicable, HQL parser will be used.
2026-06-16T09:55:28.446-04:00  WARN 2100 --- [backend] [restartedMain] JpaBaseConfiguration$JpaWebConfiguration : spring.jpa.open-in-view is enabled by default. Therefore, database queries may be performed during view rendering. Explicitly configure spring.jpa.open-in-view to disable this warning
2026-06-16T09:55:28.780-04:00  INFO 2100 --- [backend] [restartedMain] o.s.boot.tomcat.TomcatWebServer          : Tomcat started on port 8080 (http) with context path '/'
2026-06-16T09:55:28.780-04:00  INFO 2100 --- [backend] [restartedMain] com.example.backend.BackendApplication   : Started BackendApplication in 4.036 seconds (process running for 4.597)
2026-06-16T09:56:13.799-04:00  INFO 2100 --- [backend] [http-nio-8080-exec-3] o.a.c.c.C.[Tomcat].[localhost].[/]       : Initializing Spring DispatcherServlet 'dispatcherServlet'
2026-06-16T09:56:13.799-04:00  INFO 2100 --- [backend] [http-nio-8080-exec-3] o.s.web.servlet.DispatcherServlet        : Initializing Servlet 'dispatcherServlet'
2026-06-16T09:56:13.800-04:00  INFO 2100 --- [backend] [http-nio-8080-exec-3] o.s.web.servlet.DispatcherServlet        : Completed initialization in 1 ms
2026-06-16T09:56:13.869-04:00  INFO 2100 --- [backend] [http-nio-8080-exec-1] c.e.b.controllers.ProductoController     : Recibiendo solicitud para obtener productos con idCategoria: null
2026-06-16T09:56:14.186-04:00  INFO 2100 --- [backend] [http-nio-8080-exec-7] c.e.b.controllers.ProductoController     : Recibiendo solicitud para obtener productos con idCategoria: null
2026-06-16T09:56:14.202-04:00  INFO 2100 --- [backend] [http-nio-8080-exec-3] com.example.backend.models.Carrito       : Calculando total acumulado para carrito id: 1
2026-06-16T09:56:23.553-04:00  INFO 2100 --- [backend] [http-nio-8080-exec-5] c.e.b.controllers.ProductoController     : Recibiendo solicitud para obtener productos con idCategoria: null
2026-06-16T09:56:23.579-04:00  INFO 2100 --- [backend] [http-nio-8080-exec-8] c.e.b.controllers.ProductoController     : Recibiendo solicitud para obtener productos con idCategoria: null
2026-06-16T09:56:23.586-04:00  INFO 2100 --- [backend] [http-nio-8080-exec-4] com.example.backend.models.Carrito       : Calculando total acumulado para carrito id: 1
2026-06-16T09:56:42.599-04:00  INFO 2100 --- [backend] [http-nio-8080-exec-2] c.e.b.controllers.ProductoController     : Recibiendo solicitud para obtener productos con idCategoria: null
2026-06-16T09:56:53.475-04:00  INFO 2100 --- [backend] [http-nio-8080-exec-1] c.e.b.controllers.ProductoController     : Recibiendo solicitud para obtener productos con idCategoria: 2
2026-06-16T09:56:57.991-04:00  INFO 2100 --- [backend] [http-nio-8080-exec-7] com.example.backend.models.Carrito       : Calculando total acumulado para carrito id: 1
2026-06-16T09:56:57.998-04:00  INFO 2100 --- [backend] [http-nio-8080-exec-3] c.e.b.controllers.ProductoController     : Recibiendo solicitud para obtener productos con idCategoria: 2
2026-06-16T09:56:58.904-04:00  INFO 2100 --- [backend] [http-nio-8080-exec-5] com.example.backend.models.Carrito       : Calculando total acumulado para carrito id: 1
2026-06-16T09:56:58.908-04:00  INFO 2100 --- [backend] [http-nio-8080-exec-6] c.e.b.controllers.ProductoController     : Recibiendo solicitud para obtener productos con idCategoria: 2
2026-06-16T09:57:54.215-04:00  INFO 2100 --- [backend] [http-nio-8080-exec-9] com.example.backend.models.Carrito       : Calculando total acumulado para carrito id: 1
2026-06-16T09:57:54.218-04:00  INFO 2100 --- [backend] [http-nio-8080-exec-10] c.e.b.controllers.ProductoController     : Recibiendo solicitud para obtener productos con idCategoria: 2
2026-06-16T09:58:24.580-04:00  INFO 2100 --- [backend] [http-nio-8080-exec-1] c.e.b.controllers.ProductoController     : Recibiendo solicitud para obtener productos con idCategoria: 2
2026-06-16T09:58:27.371-04:00  INFO 2100 --- [backend] [http-nio-8080-exec-7] c.e.b.controllers.ProductoController     : Recibiendo solicitud para obtener productos con idCategoria: null
2026-06-16T09:59:12.643-04:00  INFO 10892 --- [backend] [restartedMain] com.example.backend.BackendApplication   : Starting BackendApplication using Java 17.0.11 with PID 10892 (C:\Users\usuario\Desktop\wrk\ICIFG003-SOL2-EQUIPO03\backend\target\classes started by usuario in C:\Users\usuario\Desktop\wrk\ICIFG003-SOL2-EQUIPO03\backend)
2026-06-16T09:59:12.646-04:00  INFO 10892 --- [backend] [restartedMain] com.example.backend.BackendApplication   : No active profile set, falling back to 1 default profile: "default"
2026-06-16T09:59:12.697-04:00  INFO 10892 --- [backend] [restartedMain] .e.DevToolsPropertyDefaultsPostProcessor : Devtools property defaults active! Set 'spring.devtools.add-properties' to 'false' to disable
2026-06-16T09:59:12.697-04:00  INFO 10892 --- [backend] [restartedMain] .e.DevToolsPropertyDefaultsPostProcessor : For additional web related logging consider setting the 'logging.level.web' property to 'DEBUG'
2026-06-16T09:59:13.215-04:00  INFO 10892 --- [backend] [restartedMain] .s.d.r.c.RepositoryConfigurationDelegate : Bootstrapping Spring Data JPA repositories in DEFAULT mode.
2026-06-16T09:59:13.294-04:00  INFO 10892 --- [backend] [restartedMain] .s.d.r.c.RepositoryConfigurationDelegate : Finished Spring Data repository scanning in 82 ms. Found 6 JPA repository interfaces.
2026-06-16T09:59:13.623-04:00  INFO 10892 --- [backend] [restartedMain] o.s.boot.tomcat.TomcatWebServer          : Tomcat initialized with port 8080 (http)
2026-06-16T09:59:13.634-04:00  INFO 10892 --- [backend] [restartedMain] o.apache.catalina.core.StandardService   : Starting service [Tomcat]
2026-06-16T09:59:13.637-04:00  INFO 10892 --- [backend] [restartedMain] o.apache.catalina.core.StandardEngine    : Starting Servlet engine: [Apache Tomcat/11.0.21]
2026-06-16T09:59:13.703-04:00  INFO 10892 --- [backend] [restartedMain] b.w.c.s.WebApplicationContextInitializer : Root WebApplicationContext: initialization completed in 1006 ms
2026-06-16T09:59:13.847-04:00  INFO 10892 --- [backend] [restartedMain] org.hibernate.orm.jpa                    : HHH008540: Processing PersistenceUnitInfo [name: default]
2026-06-16T09:59:13.900-04:00  INFO 10892 --- [backend] [restartedMain] org.hibernate.orm.core                   : HHH000001: Hibernate ORM core version 7.2.12.Final
2026-06-16T09:59:14.285-04:00  INFO 10892 --- [backend] [restartedMain] o.s.o.j.p.SpringPersistenceUnitInfo      : No LoadTimeWeaver setup: ignoring JPA class transformer
2026-06-16T09:59:14.311-04:00  INFO 10892 --- [backend] [restartedMain] com.zaxxer.hikari.HikariDataSource       : HikariPool-1 - Starting...
2026-06-16T09:59:14.438-04:00  INFO 10892 --- [backend] [restartedMain] com.zaxxer.hikari.pool.HikariPool        : HikariPool-1 - Added connection org.postgresql.jdbc.PgConnection@4e5517d8
2026-06-16T09:59:14.438-04:00  INFO 10892 --- [backend] [restartedMain] com.zaxxer.hikari.HikariDataSource       : HikariPool-1 - Start completed.
2026-06-16T09:59:14.446-04:00  WARN 10892 --- [backend] [restartedMain] org.hibernate.orm.deprecation            : HHH90000025: PostgreSQLDialect does not need to be specified explicitly using 'hibernate.dialect' (remove the property setting and it will be selected by default)
2026-06-16T09:59:14.487-04:00  INFO 10892 --- [backend] [restartedMain] org.hibernate.orm.connections.pooling    : HHH10001005: Database info:
	Database JDBC URL [jdbc:postgresql://localhost:5432/petshop_db]
	Database driver: PostgreSQL JDBC Driver
	Database dialect: PostgreSQLDialect
	Database version: 13.23
	Default catalog/schema: petshop_db/public
	Autocommit mode: undefined/unknown
	Isolation level: READ_COMMITTED [default READ_COMMITTED]
	JDBC fetch size: none
	Pool: DataSourceConnectionProvider
	Minimum pool size: undefined/unknown
	Maximum pool size: undefined/unknown
2026-06-16T09:59:15.086-04:00  INFO 10892 --- [backend] [restartedMain] org.hibernate.orm.core                   : HHH000489: No JTA platform available (set 'hibernate.transaction.jta.platform' to enable JTA platform integration)
2026-06-16T09:59:15.147-04:00  INFO 10892 --- [backend] [restartedMain] j.LocalContainerEntityManagerFactoryBean : Initialized JPA EntityManagerFactory for persistence unit 'default'
2026-06-16T09:59:15.257-04:00  INFO 10892 --- [backend] [restartedMain] o.s.d.j.r.query.QueryEnhancerFactories   : Hibernate is in classpath; If applicable, HQL parser will be used.
2026-06-16T09:59:15.545-04:00  WARN 10892 --- [backend] [restartedMain] JpaBaseConfiguration$JpaWebConfiguration : spring.jpa.open-in-view is enabled by default. Therefore, database queries may be performed during view rendering. Explicitly configure spring.jpa.open-in-view to disable this warning
2026-06-16T09:59:15.815-04:00  INFO 10892 --- [backend] [restartedMain] o.s.boot.tomcat.TomcatWebServer          : Tomcat started on port 8080 (http) with context path '/'
2026-06-16T09:59:15.815-04:00  INFO 10892 --- [backend] [restartedMain] com.example.backend.BackendApplication   : Started BackendApplication in 3.5 seconds (process running for 4.588)
2026-06-16T09:59:22.585-04:00  INFO 10892 --- [backend] [http-nio-8080-exec-2] o.a.c.c.C.[Tomcat].[localhost].[/]       : Initializing Spring DispatcherServlet 'dispatcherServlet'
2026-06-16T09:59:22.586-04:00  INFO 10892 --- [backend] [http-nio-8080-exec-2] o.s.web.servlet.DispatcherServlet        : Initializing Servlet 'dispatcherServlet'
2026-06-16T09:59:22.587-04:00  INFO 10892 --- [backend] [http-nio-8080-exec-2] o.s.web.servlet.DispatcherServlet        : Completed initialization in 1 ms
2026-06-16T09:59:23.030-04:00  INFO 10892 --- [backend] [http-nio-8080-exec-2] com.example.backend.models.Carrito       : Calculando total acumulado para carrito id: 1 con 1 items
2026-06-16T09:59:23.037-04:00  INFO 10892 --- [backend] [http-nio-8080-exec-1] c.e.b.controllers.ProductoController     : Recibiendo solicitud para obtener productos con idCategoria: null
2026-06-16T09:59:44.268-04:00  INFO 10892 --- [backend] [http-nio-8080-exec-3] c.e.b.controllers.ProductoController     : Recibiendo solicitud para obtener productos con idCategoria: 3
2026-06-16T09:59:50.798-04:00  INFO 10892 --- [backend] [http-nio-8080-exec-4] com.example.backend.models.Carrito       : Calculando total acumulado para carrito id: 1 con 2 items
2026-06-16T09:59:50.804-04:00  INFO 10892 --- [backend] [http-nio-8080-exec-5] c.e.b.controllers.ProductoController     : Recibiendo solicitud para obtener productos con idCategoria: 3
2026-06-16T10:00:17.633-04:00  INFO 10892 --- [backend] [http-nio-8080-exec-6] c.e.b.controllers.ContactoController     : Recibiendo solicitud para crear contacto: Contacto(idContacto=null, nombre=Juan Perez, correo=juan.perez@correo.cl, mensaje=dfasdgasdfhgadfhadfhadfhdafhadfh)
